; map: Gymnasium-Nottuln.map
; map made with the map maker
; yura.net Risk 1.0.9.3

[files]
pic Gymnasium-Nottuln_pic.jpg
map Gymnasium-Nottuln_map.gif
crd Gymnasium-Nottuln.cards

[continents]
Oberstufenpavillon 5 white
Sporthalle/Mensa/Froum 5 white
Erdkunde/Musik/Kunst/Technik/5erund6er_-_Pavillon 5 white
Miteelstufenpavillon 5 white
Naturwisschaftspavillon 5 white
Lehrerpavillon 5 white

[countries]
1 Oberstufenraum 1 209 144
2 Toilette 1 237 142
3 Computerraum 1 290 134
4 Sporthalle 2 429 151
5 Mensa 2 410 206
6 Forum 2 317 205
7 Erdkunde/Kunst 3 458 260
8 Musik 3 545 225
9 Toilette 3 521 248
10 6 4 288 308
11 7 4 388 278
12 Toillette_ 4 334 291
13 Chemie/Bio 5 173 336
14 Physik/Computerraum(Neu) 5 131 275
15 Bibliothek 6 104 223
16 Lehrerzimmer/Sekreteriat 6 174 195

[borders]
1 2 16
2 3 1 16 14 12 9
3 2
4 5
5 16 14 12 9 6 4
6 5
7 9
8 9
9 16 14 12 5 2 8 7
10 12
11 12
12 16 14 5 2 9 11 10
13 14
14 16 12 13 5 2 9
15 16
16 2 15 14 12 5 9 1
